Analytic steady ramp error a*Kp*(1-b)/Ki (a=1): b=0.5 -> 0.05 m/s ; b=1 -> 0
Td=0.04 Tp=0.05 Kp=0.3 Ki=3.0 b=0.5: step 0.15 overshoot  8.58 %, ramp error (late) 0.013 m/s
Td=0.04 Tp=0.05 Kp=0.3 Ki=3.0 b=1.0: step 0.15 overshoot 19.71 %, ramp error (late) 0.039 m/s
Td=0.04 Tp=0.05 Kp=0.4 Ki=4.0 b=0.5: step 0.15 overshoot 12.56 %, ramp error (late) 0.011 m/s
Td=0.04 Tp=0.05 Kp=0.4 Ki=4.0 b=1.0: step 0.15 overshoot 27.23 %, ramp error (late) 0.041 m/s
Td=0.04 Tp=0.05 Kp=0.5 Ki=5.0 b=0.5: step 0.15 overshoot 17.79 %, ramp error (late) 0.010 m/s
Td=0.04 Tp=0.05 Kp=0.5 Ki=5.0 b=1.0: step 0.15 overshoot 35.32 %, ramp error (late) 0.041 m/s
Td=0.06 Tp=0.1 Kp=0.3 Ki=3.0 b=0.5: step 0.15 overshoot 16.28 %, ramp error (late) 0.010 m/s
Td=0.06 Tp=0.1 Kp=0.3 Ki=3.0 b=1.0: step 0.15 overshoot 25.30 %, ramp error (late) 0.059 m/s
Td=0.06 Tp=0.1 Kp=0.4 Ki=4.0 b=0.5: step 0.15 overshoot 19.88 %, ramp error (late) 0.010 m/s
Td=0.06 Tp=0.1 Kp=0.4 Ki=4.0 b=1.0: step 0.15 overshoot 31.55 %, ramp error (late) 0.060 m/s
Td=0.06 Tp=0.1 Kp=0.5 Ki=5.0 b=0.5: step 0.15 overshoot 23.64 %, ramp error (late) 0.011 m/s
Td=0.06 Tp=0.1 Kp=0.5 Ki=5.0 b=1.0: step 0.15 overshoot 37.90 %, ramp error (late) 0.061 m/s
lag Td=0.04 Tp=0.05 b=0.5: |T|=1.015 phase -5.5 deg at wn=1.768
lag Td=0.04 Tp=0.05 b=1.0: |T|=1.055 phase -1.7 deg at wn=1.768
lag Td=0.06 Tp=0.1 b=0.5: |T|=1.062 phase -6.8 deg at wn=1.768
lag Td=0.06 Tp=0.1 b=1.0: |T|=1.103 phase -3.0 deg at wn=1.768
PP overshoot ideal (analytic 4.32 %)
PP overshoot with base inner loop Td=0.04 Tp=0.05 b=0.5: 4.01 %
PP overshoot with base inner loop Td=0.04 Tp=0.05 b=1.0: 3.63 %
PP overshoot with base inner loop Td=0.06 Tp=0.1 b=0.5: 3.48 %
PP overshoot with base inner loop Td=0.06 Tp=0.1 b=1.0: 3.29 %
