A plant Ta=0.02 Tm=0.02 Tp=0.05 model matched     : step0.15 OS 12.56 % | S-curve OS  1.34 % | max|y - r(t-Td)| 0.014 m/s | gain -10 %: steady err -0.0000
D plant Ta=0.02 Tm=0.02 Tp=0.05 model matched     : step0.15 OS -0.00 % | S-curve OS -0.00 % | max|y - r(t-Td)| 0.011 m/s | gain -10 %: steady err +0.0000
D plant Ta=0.02 Tm=0.02 Tp=0.05 model Tp_hat x0.7 : step0.15 OS  2.73 % | S-curve OS  0.58 % | max|y - r(t-Td)| 0.009 m/s | gain -10 %: steady err +0.0000
D plant Ta=0.02 Tm=0.02 Tp=0.05 model Tp_hat x1.3 : step0.15 OS -0.00 % | S-curve OS -0.00 % | max|y - r(t-Td)| 0.017 m/s | gain -10 %: steady err +0.0000
D plant Ta=0.02 Tm=0.02 Tp=0.05 model Td_hat -0.01: step0.15 OS  1.05 % | S-curve OS  0.45 % | max|y - r(t-Td)| 0.021 m/s | gain -10 %: steady err +0.0000
D plant Ta=0.02 Tm=0.02 Tp=0.05 model Td_hat +0.01: step0.15 OS -0.00 % | S-curve OS -0.00 % | max|y - r(t-Td)| 0.005 m/s | gain -10 %: steady err +0.0000
A plant Ta=0.03 Tm=0.03 Tp=0.1 model matched     : step0.15 OS 19.88 % | S-curve OS  4.45 % | max|y - r(t-Td)| 0.050 m/s | gain -10 %: steady err -0.0000
D plant Ta=0.03 Tm=0.03 Tp=0.1 model matched     : step0.15 OS -0.00 % | S-curve OS -0.00 % | max|y - r(t-Td)| 0.020 m/s | gain -10 %: steady err +0.0000
D plant Ta=0.03 Tm=0.03 Tp=0.1 model Tp_hat x0.7 : step0.15 OS  4.09 % | S-curve OS  1.28 % | max|y - r(t-Td)| 0.018 m/s | gain -10 %: steady err -0.0000
D plant Ta=0.03 Tm=0.03 Tp=0.1 model Tp_hat x1.3 : step0.15 OS -0.00 % | S-curve OS -0.00 % | max|y - r(t-Td)| 0.033 m/s | gain -10 %: steady err +0.0000
D plant Ta=0.03 Tm=0.03 Tp=0.1 model Td_hat -0.01: step0.15 OS  0.33 % | S-curve OS  0.48 % | max|y - r(t-Td)| 0.031 m/s | gain -10 %: steady err +0.0000
D plant Ta=0.03 Tm=0.03 Tp=0.1 model Td_hat +0.01: step0.15 OS -0.00 % | S-curve OS -0.00 % | max|y - r(t-Td)| 0.015 m/s | gain -10 %: steady err +0.0000
A plant Ta=0.02 Tm=0.02 Tp=0.1 model matched     : step0.15 OS 13.24 % | S-curve OS  3.44 % | max|y - r(t-Td)| 0.034 m/s | gain -10 %: steady err -0.0000
D plant Ta=0.02 Tm=0.02 Tp=0.1 model matched     : step0.15 OS -0.00 % | S-curve OS -0.00 % | max|y - r(t-Td)| 0.010 m/s | gain -10 %: steady err +0.0000
D plant Ta=0.02 Tm=0.02 Tp=0.1 model Tp_hat x0.7 : step0.15 OS  3.49 % | S-curve OS  1.23 % | max|y - r(t-Td)| 0.013 m/s | gain -10 %: steady err -0.0000
D plant Ta=0.02 Tm=0.02 Tp=0.1 model Tp_hat x1.3 : step0.15 OS -0.00 % | S-curve OS -0.00 % | max|y - r(t-Td)| 0.023 m/s | gain -10 %: steady err +0.0000
D plant Ta=0.02 Tm=0.02 Tp=0.1 model Td_hat -0.01: step0.15 OS  0.33 % | S-curve OS  0.47 % | max|y - r(t-Td)| 0.020 m/s | gain -10 %: steady err +0.0000
D plant Ta=0.02 Tm=0.02 Tp=0.1 model Td_hat +0.01: step0.15 OS -0.00 % | S-curve OS -0.00 % | max|y - r(t-Td)| 0.005 m/s | gain -10 %: steady err +0.0000
A plant Ta=0.03 Tm=0.03 Tp=0.05 model matched     : step0.15 OS 25.18 % | S-curve OS  2.21 % | max|y - r(t-Td)| 0.039 m/s | gain -10 %: steady err -0.0000
D plant Ta=0.03 Tm=0.03 Tp=0.05 model matched     : step0.15 OS -0.00 % | S-curve OS -0.00 % | max|y - r(t-Td)| 0.021 m/s | gain -10 %: steady err +0.0000
D plant Ta=0.03 Tm=0.03 Tp=0.05 model Tp_hat x0.7 : step0.15 OS  4.00 % | S-curve OS  0.60 % | max|y - r(t-Td)| 0.019 m/s | gain -10 %: steady err +0.0000
D plant Ta=0.03 Tm=0.03 Tp=0.05 model Tp_hat x1.3 : step0.15 OS -0.00 % | S-curve OS -0.00 % | max|y - r(t-Td)| 0.027 m/s | gain -10 %: steady err +0.0000
D plant Ta=0.03 Tm=0.03 Tp=0.05 model Td_hat -0.01: step0.15 OS  1.51 % | S-curve OS  0.46 % | max|y - r(t-Td)| 0.031 m/s | gain -10 %: steady err +0.0000
D plant Ta=0.03 Tm=0.03 Tp=0.05 model Td_hat +0.01: step0.15 OS -0.00 % | S-curve OS -0.00 % | max|y - r(t-Td)| 0.015 m/s | gain -10 %: steady err +0.0000
WORST A matched: step OS 25.18 %, S-curve OS 4.45 %, lag beyond delay 0.050 m/s
WORST D matched: step OS 0.00 %, S-curve OS 0.00 %, lag beyond delay 0.021 m/s
WORST D mismatched: step OS 4.09 %, S-curve OS 1.28 %, lag beyond delay 0.033 m/s
PP overshoot ideal inner loop (20 Hz ZOH): 4.31 %
PP overshoot A, plant Ta=0.02 Tm=0.02 Tp=0.05 (matched model): 3.97 %
PP overshoot D, plant Ta=0.02 Tm=0.02 Tp=0.05 (matched model): 4.40 %
PP overshoot A, plant Ta=0.03 Tm=0.03 Tp=0.1 (matched model): 3.34 %
PP overshoot D, plant Ta=0.03 Tm=0.03 Tp=0.1 (matched model): 5.14 %
