A. fx=fy=337.2 px (sensor_calibration.md measured 337.2098), vfov=70.9 deg, camera height 0.43 m
   nearest visible floor point ahead of camera: 0.60 m; LiDAR plane height 0.38 m
B. LiDAR plane 0.38 m vs object top height:
   small box 30x20x15       top=0.15 m -> invisible (margin -0.23 m)
   medium box 50x40x30      top=0.30 m -> invisible (margin -0.08 m)
   large box 60x50x40       top=0.40 m -> VISIBLE (margin +0.02 m)
   AMR chassis (top)        top=0.33 m -> invisible (margin -0.05 m)
   AMR + medium payload     top=0.63 m -> VISIBLE (margin +0.25 m)
C. sigma_d(Z)=sqrt(0.005^2+(0.002 Z^2)^2): 1 m:0.5 cm, 2 m:0.9 cm, 3 m:1.9 cm, 5 m:5.0 cm, 8 m:12.8 cm, 10 m:20.0 cm
   MC median std (m=200, sigma=0.05): 0.00442 vs sqrt(pi/2)*sigma/sqrt(m)=0.00443
   medium box at 2 m: bbox 84x51 px, central-50% ROI m=1066 px -> iid-median sigma=0.04 cm (real, correlated: up to 0.9 cm)
   medium box at 5 m: bbox 34x20 px, central-50% ROI m=171 px -> iid-median sigma=0.48 cm (real, correlated: up to 5.0 cm)
   medium box at 8 m: bbox 21x13 px, central-50% ROI m=67 px -> iid-median sigma=1.97 cm (real, correlated: up to 12.8 cm)
D. camera ray-through-centre offset medium box 50x40  : mean 0.250 m, std 0.034 m (range 0.20-0.32)
D. camera ray-through-centre offset large box 60x50   : mean 0.306 m, std 0.039 m (range 0.25-0.39)
D. camera ray-through-centre offset AMR 60x40         : mean 0.271 m, std 0.052 m (range 0.20-0.36)
D. camera ray-through-centre offset small box 30x20   : mean 0.136 m, std 0.026 m (range 0.10-0.18)
   person torso ~ ellipse 0.40x0.25 m -> circle-like, median over central 50% width ~0.96 rho; use mu=0.12, sigma=0.04 (to calibrate)
E. predicted ground-plane RMS error (base frame), kappa=0.05 bbox-centre jitter, offset corrected:
   medium box 1-3 m: RMS(sim, iid pixels) 4.2 cm | RMS(correlated depth noise) 4.4 cm | uncorrected bias would add 25 cm
   medium box 3-6 m: RMS(sim, iid pixels) 4.2 cm | RMS(correlated depth noise) 6.2 cm | uncorrected bias would add 25 cm
   medium box 6-10 m: RMS(sim, iid pixels) 4.2 cm | RMS(correlated depth noise) 14.3 cm | uncorrected bias would add 25 cm
   person     1-3 m: RMS(sim, iid pixels) 4.6 cm | RMS(correlated depth noise) 4.7 cm | uncorrected bias would add 12 cm
   person     3-6 m: RMS(sim, iid pixels) 4.6 cm | RMS(correlated depth noise) 6.4 cm | uncorrected bias would add 12 cm
   person     6-10 m: RMS(sim, iid pixels) 4.6 cm | RMS(correlated depth noise) 14.4 cm | uncorrected bias would add 12 cm
F. pose->map covariance, linear [I2 G_base] Sigma_pose [I2 G_base]^T: [[0.001348, -0.000867], [-0.000867, 0.002208]]
   Monte-Carlo: [[0.001343, -0.000864], [-0.000864, 0.002203]]
   lever arm |G| base pivot 4.123 m vs camera pivot 3.949 m (object 4.12 m ahead)
G. LiDAR cluster centroid vs object centre (LOS = +x), sigma_r=0.03, 0.5 deg:
   person legs (rho .06, stride<=.3) r=3 m: n~ 7.4 seen 100% | LOS bias mu=-0.062 sd=0.026 | lateral sd=0.007 (s/sqrt24=0.005, s/sqrt(12n)=0.003)
   person legs (rho .06, stride<=.3) r=5 m: n~ 4.5 seen  98% | LOS bias mu=-0.061 sd=0.027 | lateral sd=0.011 (s/sqrt24=0.009, s/sqrt(12n)=0.006)
   person legs (rho .06, stride<=.3) r=8 m: n~ 3.3 seen  59% | LOS bias mu=-0.052 sd=0.024 | lateral sd=0.019 (s/sqrt24=0.014, s/sqrt(12n)=0.011)
   large box 60x50                  r=3 m: n~26.9 seen 100% | LOS bias mu=-0.230 sd=0.030 | lateral sd=0.016 (s/sqrt24=0.005, s/sqrt(12n)=0.001)
   large box 60x50                  r=5 m: n~16.1 seen 100% | LOS bias mu=-0.225 sd=0.029 | lateral sd=0.012 (s/sqrt24=0.009, s/sqrt(12n)=0.003)
   large box 60x50                  r=8 m: n~10.0 seen 100% | LOS bias mu=-0.223 sd=0.032 | lateral sd=0.016 (s/sqrt24=0.014, s/sqrt(12n)=0.006)
   AMR+payload 60x40                r=3 m: n~24.4 seen 100% | LOS bias mu=-0.204 sd=0.037 | lateral sd=0.013 (s/sqrt24=0.005, s/sqrt(12n)=0.002)
   AMR+payload 60x40                r=5 m: n~14.6 seen 100% | LOS bias mu=-0.200 sd=0.037 | lateral sd=0.011 (s/sqrt24=0.009, s/sqrt(12n)=0.003)
   AMR+payload 60x40                r=8 m: n~ 9.1 seen 100% | LOS bias mu=-0.197 sd=0.037 | lateral sd=0.015 (s/sqrt24=0.014, s/sqrt(12n)=0.007)
   forklift body 1.2x1.0 (approx)   r=3 m: n~54.0 seen 100% | LOS bias mu=-0.485 sd=0.055 | lateral sd=0.050 (s/sqrt24=0.005, s/sqrt(12n)=0.001)
   forklift body 1.2x1.0 (approx)   r=5 m: n~32.2 seen 100% | LOS bias mu=-0.465 sd=0.057 | lateral sd=0.035 (s/sqrt24=0.009, s/sqrt(12n)=0.002)
   forklift body 1.2x1.0 (approx)   r=8 m: n~20.1 seen 100% | LOS bias mu=-0.455 sd=0.058 | lateral sd=0.026 (s/sqrt24=0.014, s/sqrt(12n)=0.004)
   flat-plate lateral quantisation r=3.0: sd=0.0054 vs s/sqrt(24)=0.0053
   flat-plate lateral quantisation r=5.0: sd=0.0089 vs s/sqrt(24)=0.0089
   flat-plate lateral quantisation r=8.0: sd=0.0141 vs s/sqrt(24)=0.0143
H. mean NEES 2-DoF, N=100: 95% band [1.627, 2.411] (normal approx 2 +/- 0.392)
H. mean NEES 2-DoF, N=300: 95% band [1.780, 2.233] (normal approx 2 +/- 0.226)
H. mean NEES 2-DoF, N=1000: 95% band [1.878, 2.126] (normal approx 2 +/- 0.124)
