
== M1 gyro bias / heading budget (sec 2.1, 2.2)
uncal bias heading 10 s, 60 s: 0.1 0.6 rad = 34.37746770784939 deg
T_cal=10s residual bias SE = 6.32e-06 rad/s
T_cal=60s residual bias SE = 2.58e-06 rad/s
post-cal heading sigma @60s: bias 3.79e-04 white 1.55e-04 total 4.10e-04
20 m/60 s lateral: bias 0.0038 m, white 0.0018 m, rss 0.0042 m, upper bound D*theta_end 0.0082 m
encoder-only heading RW 2 m/s 10 s: 0.035150988606296694
R_gyro = sg^2 = 4e-08 ; + residual^2 = 4.004e-08

== G6 nominal drift 100 m @ 1 m/s (sec 2.1)
encoder heading RW sigma_theta end = 0.0556 rad (3.18 deg)
lateral = D sigma/sqrt3 = 3.21 m
distance scale sigma: doc k_s sqrt(ds D) = 0.0141 ; correct k_s sqrt(ds D/2) = 0.0100
gyro-fused, T_cal=10s: lateral bias 0.0316 white 0.0115 scale 0.0100 -> total 0.0351 m (0.035 %)
gyro-fused, T_cal=60s: lateral bias 0.0129 white 0.0115 scale 0.0100 -> total 0.0200 m (0.020 %)

== M2 AMCL alpha (variance units)
alpha3_phys = (k_s/sqrt2)^2 = 5.00e-05
kappa 5..10 -> alpha = 1.25e-03 .. 5.00e-03
alpha=0.05 -> sigma frac 0.224 = 31.6x physical
gyro heading sigma per 0.1 m update @1 m/s: 6.32e-06 -> alpha2_phys 4.0e-09
alpha2=2e-3, 0.1 m: sigma_rot 4.47e-03 rad -> 10 m endpoint 0.045 m (0.89 sigma_hit@0.05)

== M4 sigma_map / sigma_hit
sigma_map 0.0376 sigma_hit 0.0502 ; single-update width sigma_hit/sqrt3 0.0289

== M5 uniform re-init expected hits in basin (3-D pose space)
sigma_hit=0.05 N=5000: frac 6.75e-07, E[hits] 0.003, P(>=1) 0.00
sigma_hit=0.2 N=5000: frac 4.32e-05, E[hits] 0.216, P(>=1) 0.19
sigma_hit=0.2 N=20000: frac 4.32e-05, E[hits] 0.864, P(>=1) 0.58
sigma_hit=0.2 N=50000: frac 4.32e-05, E[hits] 2.160, P(>=1) 0.88

== M3 resampling cost (naive sampler, avg N^2/2 comparisons)
N=500: 1.25e+05 comparisons -> 0.1..0.2 ms @1-2 ns/cmp
N=750: 2.81e+05 comparisons -> 0.3..0.6 ms @1-2 ns/cmp
N=5000: 1.25e+07 comparisons -> 12.5..25.0 ms @1-2 ns/cmp
N=20000: 2.00e+08 comparisons -> 200.0..400.0 ms @1-2 ns/cmp
N=100000: 5.00e+09 comparisons -> 5000.0..10000.0 ms @1-2 ns/cmp
tracking update: 500x180 lookups = 90000
recovery N=20000: lookups 3600000 ; resample ~0.2-0.4 s; spin 6.3 s @1 rad/s, 10 Hz scans
per-update (resample every update) ~ 0.27 s -> ~23 updates in 6.3 s; with resample_interval 2 avg 0.17 s -> ~37 updates

== M17 NEES bands (5 dof)
single-run 95%: [0.83, 12.83]
10-run average: [3.24, 7.14]
chi2 0.999 m=1,2,3: [np.float64(10.8), np.float64(13.8), np.float64(16.3)] n_sigma: [3.29, 3.72, 4.03]

== M16 Q equivalence: r_l Q_param,xx random walk vs CWNA
r_l Q_xx=0.05: added pos sigma over 0.1 s AMCL interval = 0.0707 m ; over 1 s = 0.2236 m
r_l Q_xx=0.001: added pos sigma over 0.1 s AMCL interval = 0.0100 m ; over 1 s = 0.0316 m
r_l Q_xx=1e-05: added pos sigma over 0.1 s AMCL interval = 0.0010 m ; over 1 s = 0.0032 m
CWNA q_v=0.005: pos sigma from process over 0.1 s = 1.29e-03 m (q dt^3/3)

== M15 CUSUM occlusion (unmasked)
object width 0.5 m at 0.5 m: 53 deg = 15 % of beams
object width 0.45 m at 0.5 m: 48 deg = 13 % of beams
object width 0.6 m at 1.5 m: 23 deg = 6 % of beams
object width 0.4 m at 0.5 m: 44 deg = 12 % of beams
30% drop, 20 scans, delta 0.15: g = 3.0

== M6 SEED grid
coarse hypotheses 1000 x 24 = 24000 ; lookups x90 beams = 2160000
fine per candidate 11x11x9x180 = 196020 ; x20 = 3920400
worst coarse offsets: pos 0.707 m, heading 7.5 deg -> endpoint @5 m 0.65 m, @10 m 1.31 m, @20 m 2.61 m
EDT float32 1200x800 = 3.84 MB
